pg_restore: connecting to database for restore
pg_restore: dropping FK CONSTRAINT user_password_history user_password_history_user_id_fkey
pg_restore: dropping FK CONSTRAINT _PermissionToUser _PermissionToUser_B_fkey
pg_restore: dropping FK CONSTRAINT _PermissionToUser _PermissionToUser_A_fkey
pg_restore: dropping FK CONSTRAINT _AppRoleToPermission _AppRoleToPermission_B_fkey
pg_restore: dropping FK CONSTRAINT _AppRoleToPermission _AppRoleToPermission_A_fkey
pg_restore: dropping FK CONSTRAINT WorkflowInstance WorkflowInstance_workflowId_fkey
pg_restore: dropping FK CONSTRAINT WebhookDelivery WebhookDelivery_webhookId_fkey
pg_restore: dropping FK CONSTRAINT UserRole UserRole_userId_fkey
pg_restore: dropping FK CONSTRAINT UserRole UserRole_roleId_fkey
pg_restore: dropping FK CONSTRAINT SupplierMaterial SupplierMaterial_supplierId_fkey
pg_restore: dropping FK CONSTRAINT StoreItem StoreItem_storeId_fkey
pg_restore: dropping FK CONSTRAINT ReportRun ReportRun_reportId_fkey
pg_restore: dropping FK CONSTRAINT PurchaseOrder PurchaseOrder_supplierId_fkey
pg_restore: dropping FK CONSTRAINT PayrollRun PayrollRun_periodId_fkey
pg_restore: dropping FK CONSTRAINT PayrollEntry PayrollEntry_runId_fkey
pg_restore: dropping FK CONSTRAINT POItem POItem_purchaseOrderId_fkey
pg_restore: dropping FK CONSTRAINT LeaveRequest LeaveRequest_leaveTypeId_fkey
pg_restore: dropping FK CONSTRAINT LeaveRequest LeaveRequest_employeeId_fkey
pg_restore: dropping FK CONSTRAINT JournalLine JournalLine_journalId_fkey
pg_restore: dropping FK CONSTRAINT JournalEntry JournalEntry_reversalOfId_fkey
pg_restore: dropping FK CONSTRAINT Income Income_projectId_fkey
pg_restore: dropping FK CONSTRAINT GoodsReceipt GoodsReceipt_purchaseOrderId_fkey
pg_restore: dropping FK CONSTRAINT GoodsReceiptItem GoodsReceiptItem_goodsReceiptId_fkey
pg_restore: dropping FK CONSTRAINT Expense Expense_projectId_fkey
pg_restore: dropping FK CONSTRAINT Employee Employee_userId_fkey
pg_restore: dropping FK CONSTRAINT Employee Employee_supervisorId_fkey
pg_restore: dropping FK CONSTRAINT Employee Employee_jobRoleId_fkey
pg_restore: dropping FK CONSTRAINT Employee Employee_departmentId_fkey
pg_restore: dropping FK CONSTRAINT Department Department_headId_fkey
pg_restore: dropping FK CONSTRAINT Claim Claim_employeeId_fkey
pg_restore: dropping FK CONSTRAINT Claim Claim_claimTypeId_fkey
pg_restore: dropping FK CONSTRAINT ChartAccount ChartAccount_parentId_fkey
pg_restore: dropping FK CONSTRAINT Budget Budget_projectId_fkey
pg_restore: dropping FK CONSTRAINT AuditLog AuditLog_userId_fkey
pg_restore: dropping FK CONSTRAINT ApprovalRule ApprovalRule_workflowId_fkey
pg_restore: dropping FK CONSTRAINT ApprovalRequest ApprovalRequest_workflowInstanceId_fkey
pg_restore: dropping FK CONSTRAINT ApprovalNode ApprovalNode_workflowId_fkey
pg_restore: dropping FK CONSTRAINT AccrualLine AccrualLine_accrualId_fkey
pg_restore: dropping INDEX idx_user_password_history_user_id_created_at
pg_restore: dropping INDEX _PermissionToUser_B_index
pg_restore: dropping INDEX _PermissionToUser_AB_unique
pg_restore: dropping INDEX _AppRoleToPermission_B_index
pg_restore: dropping INDEX _AppRoleToPermission_AB_unique
pg_restore: dropping INDEX VisitorLog_projectId_idx
pg_restore: dropping INDEX User_userId_key
pg_restore: dropping INDEX User_lastSeenAt_idx
pg_restore: dropping INDEX User_email_key
pg_restore: dropping INDEX UserRole_userId_roleId_key
pg_restore: dropping INDEX Supplier_sabiquotProfileId_key
pg_restore: dropping INDEX StockTransfer_reference_key
pg_restore: dropping INDEX Stakeholder_projectId_idx
pg_restore: dropping INDEX SentRFQ_rfqRef_key
pg_restore: dropping INDEX SentRFQ_prRef_idx
pg_restore: dropping INDEX SalaryBand_name_key
pg_restore: dropping INDEX ReceivedQuote_prRef_idx
pg_restore: dropping INDEX QualityNcr_projectId_idx
pg_restore: dropping INDEX PurchaseRequest_prRef_key
pg_restore: dropping INDEX PurchaseOrder_poRef_key
pg_restore: dropping INDEX PurchaseInvoice_invoiceNo_key
pg_restore: dropping INDEX ProjectSetup_projectId_key
pg_restore: dropping INDEX ProjectDelay_projectId_idx
pg_restore: dropping INDEX Permission_name_key
pg_restore: dropping INDEX PayrollRun_code_key
pg_restore: dropping INDEX OrgUnit_kind_idx
pg_restore: dropping INDEX NumberingConfig_module_key
pg_restore: dropping INDEX NumberingConfig_app_idx
pg_restore: dropping INDEX NotificationPreference_userId_key
pg_restore: dropping INDEX MaterialReturn_reference_key
pg_restore: dropping INDEX MaterialResource_projectId_idx
pg_restore: dropping INDEX MaterialRequest_reference_key
pg_restore: dropping INDEX LeaveType_name_key
pg_restore: dropping INDEX LeaveRequest_refId_key
pg_restore: dropping INDEX JournalEntry_status_date_idx
pg_restore: dropping INDEX JournalEntry_sourceModule_sourceId_idx
pg_restore: dropping INDEX JournalEntry_reversalOfId_idx
pg_restore: dropping INDEX JournalEntry_reference_key
pg_restore: dropping INDEX HumanResource_projectId_idx
pg_restore: dropping INDEX HseRecord_projectId_idx
pg_restore: dropping INDEX GoodsReceipt_reference_key
pg_restore: dropping INDEX GoodsReceipt_purchaseOrderId_idx
pg_restore: dropping INDEX FundingRelease_projectId_idx
pg_restore: dropping INDEX FundingRelease_allocationId_idx
pg_restore: dropping INDEX FundingAllocation_projectId_idx
pg_restore: dropping INDEX EquipmentResource_projectId_idx
pg_restore: dropping INDEX Employee_userId_key
pg_restore: dropping INDEX Employee_email_key
pg_restore: dropping INDEX EmployeeBank_employeeId_key
pg_restore: dropping INDEX EarnedValueRecord_projectId_idx
pg_restore: dropping INDEX DocumentFolder_projectId_idx
pg_restore: dropping INDEX DocumentFile_projectId_idx
pg_restore: dropping INDEX DocumentFile_folderId_idx
pg_restore: dropping INDEX Disbursement_projectId_idx
pg_restore: dropping INDEX Department_name_key
pg_restore: dropping INDEX Department_headId_key
pg_restore: dropping INDEX DailyReport_projectId_idx
pg_restore: dropping INDEX ConstructionTask_projectId_idx
pg_restore: dropping INDEX ConstructionSetting_scope_key
pg_restore: dropping INDEX ConstructionIssue_projectId_idx
pg_restore: dropping INDEX ConstructionCalendar_projectId_idx
pg_restore: dropping INDEX ConstructionBaseline_projectId_idx
pg_restore: dropping INDEX CommunicationLog_projectId_idx
pg_restore: dropping INDEX Cluster_name_key
pg_restore: dropping INDEX ClaimType_name_key
pg_restore: dropping INDEX ChartAccount_code_key
pg_restore: dropping INDEX ChangeRequest_projectId_idx
pg_restore: dropping INDEX ApprovalWorkflow_name_key
pg_restore: dropping INDEX AppRole_name_key
pg_restore: dropping INDEX Accrual_status_idx
pg_restore: dropping INDEX Accrual_reference_key
pg_restore: dropping INDEX Accrual_fiscalYearId_idx
pg_restore: dropping INDEX AccrualTypeConfig_type_key
pg_restore: dropping INDEX AccrualLine_accrualId_idx
pg_restore: dropping CONSTRAINT user_password_history user_password_history_pkey
pg_restore: dropping CONSTRAINT _prisma_migrations _prisma_migrations_pkey
pg_restore: dropping CONSTRAINT WorkforceAllocation WorkforceAllocation_pkey
pg_restore: dropping CONSTRAINT WorkflowInstance WorkflowInstance_pkey
pg_restore: dropping CONSTRAINT Webhook Webhook_pkey
pg_restore: dropping CONSTRAINT WebhookDelivery WebhookDelivery_pkey
pg_restore: dropping CONSTRAINT VisitorLog VisitorLog_pkey
pg_restore: dropping CONSTRAINT Vendor Vendor_pkey
pg_restore: dropping CONSTRAINT User User_pkey
pg_restore: while PROCESSING TOC:
pg_restore: from TOC entry 4338; 2606 35428 CONSTRAINT User User_pkey postgres
pg_restore: error: could not execute query: ERROR:  cannot drop constraint User_pkey on table public."User" because other objects depend on it
DETAIL:  constraint Signatory_userId_fkey on table public."Signatory" depends on index public."User_pkey"
HINT:  Use DROP ... CASCADE to drop the dependent objects too.
Command was: ALTER TABLE IF EXISTS ONLY public."User" DROP CONSTRAINT IF EXISTS "User_pkey";
pg_restore: dropping CONSTRAINT UserRole UserRole_pkey
pg_restore: dropping CONSTRAINT Transaction Transaction_pkey
pg_restore: dropping CONSTRAINT Timeline Timeline_pkey
pg_restore: dropping CONSTRAINT TaxConfig TaxConfig_pkey
pg_restore: dropping CONSTRAINT Task Task_pkey
pg_restore: dropping CONSTRAINT SystemSetting SystemSetting_pkey
pg_restore: dropping CONSTRAINT Supplier Supplier_pkey
pg_restore: dropping CONSTRAINT SupplierMaterial SupplierMaterial_pkey
pg_restore: dropping CONSTRAINT Store Store_pkey
pg_restore: dropping CONSTRAINT StoreItem StoreItem_pkey
pg_restore: dropping CONSTRAINT StockTransfer StockTransfer_pkey
pg_restore: dropping CONSTRAINT StockMovement StockMovement_pkey
pg_restore: dropping CONSTRAINT Stakeholder Stakeholder_pkey
pg_restore: dropping CONSTRAINT SentRFQ SentRFQ_pkey
pg_restore: dropping CONSTRAINT SalaryBand SalaryBand_pkey
pg_restore: dropping CONSTRAINT ResourcePlan ResourcePlan_pkey
pg_restore: dropping CONSTRAINT ResourceAllocation ResourceAllocation_pkey
pg_restore: dropping CONSTRAINT ReportRun ReportRun_pkey
pg_restore: dropping CONSTRAINT ReportDefinition ReportDefinition_pkey
pg_restore: dropping CONSTRAINT ReceivedQuote ReceivedQuote_pkey
pg_restore: dropping CONSTRAINT QualityNcr QualityNcr_pkey
pg_restore: dropping CONSTRAINT PurchaseRequest PurchaseRequest_pkey
pg_restore: dropping CONSTRAINT PurchaseOrder PurchaseOrder_pkey
pg_restore: dropping CONSTRAINT PurchaseInvoice PurchaseInvoice_pkey
pg_restore: dropping CONSTRAINT Project Project_pkey
pg_restore: dropping CONSTRAINT ProjectSetup ProjectSetup_pkey
pg_restore: dropping CONSTRAINT ProjectPhase ProjectPhase_pkey
pg_restore: dropping CONSTRAINT ProjectDocument ProjectDocument_pkey
pg_restore: dropping CONSTRAINT ProjectDelay ProjectDelay_pkey
pg_restore: dropping CONSTRAINT Permission Permission_pkey
pg_restore: dropping CONSTRAINT Payslip Payslip_pkey
pg_restore: dropping CONSTRAINT PayrollRun PayrollRun_pkey
pg_restore: dropping CONSTRAINT PayrollPeriod PayrollPeriod_pkey
pg_restore: dropping CONSTRAINT PayrollEntry PayrollEntry_pkey
pg_restore: dropping CONSTRAINT Payment Payment_pkey
pg_restore: dropping CONSTRAINT POItem POItem_pkey
pg_restore: dropping CONSTRAINT OrgUnit OrgUnit_pkey
pg_restore: dropping CONSTRAINT NumberingConfig NumberingConfig_pkey
pg_restore: dropping CONSTRAINT Notification Notification_pkey
pg_restore: dropping CONSTRAINT NotificationTemplate NotificationTemplate_pkey
pg_restore: dropping CONSTRAINT NotificationRule NotificationRule_pkey
pg_restore: dropping CONSTRAINT NotificationPreference NotificationPreference_pkey
pg_restore: dropping CONSTRAINT Material Material_pkey
pg_restore: dropping CONSTRAINT MaterialReturn MaterialReturn_pkey
pg_restore: dropping CONSTRAINT MaterialResource MaterialResource_pkey
pg_restore: dropping CONSTRAINT MaterialRequest MaterialRequest_pkey
pg_restore: dropping CONSTRAINT LeaveType LeaveType_pkey
pg_restore: dropping CONSTRAINT LeaveRequest LeaveRequest_pkey
pg_restore: dropping CONSTRAINT JournalLine JournalLine_pkey
pg_restore: dropping CONSTRAINT JournalEntry JournalEntry_pkey
pg_restore: dropping CONSTRAINT JobRole JobRole_pkey
pg_restore: dropping CONSTRAINT Issue Issue_pkey
pg_restore: dropping CONSTRAINT Income Income_pkey
pg_restore: dropping CONSTRAINT HumanResource HumanResource_pkey
pg_restore: dropping CONSTRAINT HseRecord HseRecord_pkey
pg_restore: dropping CONSTRAINT Holiday Holiday_pkey
pg_restore: dropping CONSTRAINT GoodsReceipt GoodsReceipt_pkey
pg_restore: dropping CONSTRAINT GoodsReceiptItem GoodsReceiptItem_pkey
pg_restore: dropping CONSTRAINT FundingRelease FundingRelease_pkey
pg_restore: dropping CONSTRAINT FundingAllocation FundingAllocation_pkey
pg_restore: dropping CONSTRAINT Expense Expense_pkey
pg_restore: dropping CONSTRAINT Equipment Equipment_pkey
pg_restore: dropping CONSTRAINT EquipmentResource EquipmentResource_pkey
pg_restore: dropping CONSTRAINT Employee Employee_pkey
pg_restore: dropping CONSTRAINT EmployeeBank EmployeeBank_pkey
pg_restore: dropping CONSTRAINT EarnedValueRecord EarnedValueRecord_pkey
pg_restore: dropping CONSTRAINT DocumentUpload DocumentUpload_pkey
pg_restore: dropping CONSTRAINT DocumentFolder DocumentFolder_pkey
pg_restore: dropping CONSTRAINT DocumentFile DocumentFile_pkey
pg_restore: dropping CONSTRAINT Disbursement Disbursement_pkey
pg_restore: dropping CONSTRAINT Director Director_pkey
pg_restore: dropping CONSTRAINT Department Department_pkey
pg_restore: dropping CONSTRAINT DailyReport DailyReport_pkey
pg_restore: dropping CONSTRAINT Contractor Contractor_pkey
pg_restore: dropping CONSTRAINT ConstructionTask ConstructionTask_pkey
pg_restore: dropping CONSTRAINT ConstructionSetting ConstructionSetting_pkey
pg_restore: dropping CONSTRAINT ConstructionIssue ConstructionIssue_pkey
pg_restore: dropping CONSTRAINT ConstructionCalendar ConstructionCalendar_pkey
pg_restore: dropping CONSTRAINT ConstructionBaseline ConstructionBaseline_pkey
pg_restore: dropping CONSTRAINT ConstructionApproval ConstructionApproval_pkey
pg_restore: dropping CONSTRAINT ComplianceDocumentType ComplianceDocumentType_pkey
pg_restore: dropping CONSTRAINT CompanyProfile CompanyProfile_pkey
pg_restore: dropping CONSTRAINT CommunicationLog CommunicationLog_pkey
pg_restore: dropping CONSTRAINT Cluster Cluster_pkey
pg_restore: dropping CONSTRAINT Claim Claim_pkey
pg_restore: dropping CONSTRAINT ClaimType ClaimType_pkey
pg_restore: dropping CONSTRAINT ChartAccount ChartAccount_pkey
pg_restore: dropping CONSTRAINT ChangeRequest ChangeRequest_pkey
pg_restore: dropping CONSTRAINT Budget Budget_pkey
pg_restore: dropping CONSTRAINT BankName BankName_pkey
pg_restore: dropping CONSTRAINT BankAccount BankAccount_pkey
pg_restore: dropping CONSTRAINT AuditLog AuditLog_pkey
pg_restore: dropping CONSTRAINT AttendanceRecord AttendanceRecord_pkey
pg_restore: dropping CONSTRAINT ApprovalWorkflow ApprovalWorkflow_pkey
pg_restore: dropping CONSTRAINT ApprovalRule ApprovalRule_pkey
pg_restore: dropping CONSTRAINT ApprovalRequest ApprovalRequest_pkey
pg_restore: dropping CONSTRAINT ApprovalNode ApprovalNode_pkey
pg_restore: dropping CONSTRAINT Appraisal Appraisal_pkey
pg_restore: dropping CONSTRAINT AppRole AppRole_pkey
pg_restore: dropping CONSTRAINT ActivityRecord ActivityRecord_pkey
pg_restore: dropping CONSTRAINT Accrual Accrual_pkey
pg_restore: dropping CONSTRAINT AccrualTypeConfig AccrualTypeConfig_pkey
pg_restore: dropping CONSTRAINT AccrualLine AccrualLine_pkey
pg_restore: dropping TABLE user_password_history
pg_restore: dropping TABLE _prisma_migrations
pg_restore: dropping TABLE _PermissionToUser
pg_restore: dropping TABLE _AppRoleToPermission
pg_restore: dropping TABLE WorkforceAllocation
pg_restore: dropping TABLE WorkflowInstance
pg_restore: dropping TABLE WebhookDelivery
pg_restore: dropping TABLE Webhook
pg_restore: dropping TABLE VisitorLog
pg_restore: dropping TABLE Vendor
pg_restore: dropping TABLE UserRole
pg_restore: dropping TABLE User
pg_restore: from TOC entry 235; 1259 35411 TABLE User postgres
pg_restore: error: could not execute query: ERROR:  cannot drop table public."User" because other objects depend on it
DETAIL:  constraint Signatory_userId_fkey on table public."Signatory" depends on table public."User"
HINT:  Use DROP ... CASCADE to drop the dependent objects too.
Command was: DROP TABLE IF EXISTS public."User";
pg_restore: dropping TABLE Transaction
pg_restore: dropping TABLE Timeline
pg_restore: dropping TABLE TaxConfig
pg_restore: dropping TABLE Task
pg_restore: dropping TABLE SystemSetting
pg_restore: dropping TABLE SupplierMaterial
pg_restore: dropping TABLE Supplier
pg_restore: dropping TABLE StoreItem
pg_restore: dropping TABLE Store
pg_restore: dropping TABLE StockTransfer
pg_restore: dropping TABLE StockMovement
pg_restore: dropping TABLE Stakeholder
pg_restore: dropping TABLE SentRFQ
pg_restore: dropping TABLE SalaryBand
pg_restore: dropping TABLE ResourcePlan
pg_restore: dropping TABLE ResourceAllocation
pg_restore: dropping TABLE ReportRun
pg_restore: dropping TABLE ReportDefinition
pg_restore: dropping TABLE ReceivedQuote
pg_restore: dropping TABLE QualityNcr
pg_restore: dropping TABLE PurchaseRequest
pg_restore: dropping TABLE PurchaseOrder
pg_restore: dropping TABLE PurchaseInvoice
pg_restore: dropping TABLE ProjectSetup
pg_restore: dropping TABLE ProjectPhase
pg_restore: dropping TABLE ProjectDocument
pg_restore: dropping TABLE ProjectDelay
pg_restore: dropping TABLE Project
pg_restore: dropping TABLE Permission
pg_restore: dropping TABLE Payslip
pg_restore: dropping TABLE PayrollRun
pg_restore: dropping TABLE PayrollPeriod
pg_restore: dropping TABLE PayrollEntry
pg_restore: dropping TABLE Payment
pg_restore: dropping TABLE POItem
pg_restore: dropping TABLE OrgUnit
pg_restore: dropping TABLE NumberingConfig
pg_restore: dropping TABLE NotificationTemplate
pg_restore: dropping TABLE NotificationRule
pg_restore: dropping TABLE NotificationPreference
pg_restore: dropping TABLE Notification
pg_restore: dropping TABLE MaterialReturn
pg_restore: dropping TABLE MaterialResource
pg_restore: dropping TABLE MaterialRequest
pg_restore: dropping TABLE Material
pg_restore: dropping TABLE LeaveType
pg_restore: dropping TABLE LeaveRequest
pg_restore: dropping TABLE JournalLine
pg_restore: dropping TABLE JournalEntry
pg_restore: dropping TABLE JobRole
pg_restore: dropping TABLE Issue
pg_restore: dropping TABLE Income
pg_restore: dropping TABLE HumanResource
pg_restore: dropping TABLE HseRecord
pg_restore: dropping TABLE Holiday
pg_restore: dropping TABLE GoodsReceiptItem
pg_restore: dropping TABLE GoodsReceipt
pg_restore: dropping TABLE FundingRelease
pg_restore: dropping TABLE FundingAllocation
pg_restore: dropping TABLE Expense
pg_restore: dropping TABLE EquipmentResource
pg_restore: dropping TABLE Equipment
pg_restore: dropping TABLE EmployeeBank
pg_restore: dropping TABLE Employee
pg_restore: dropping TABLE EarnedValueRecord
pg_restore: dropping TABLE DocumentUpload
pg_restore: dropping TABLE DocumentFolder
pg_restore: dropping TABLE DocumentFile
pg_restore: dropping TABLE Disbursement
pg_restore: dropping TABLE Director
pg_restore: dropping TABLE Department
pg_restore: dropping TABLE DailyReport
pg_restore: dropping TABLE Contractor
pg_restore: dropping TABLE ConstructionTask
pg_restore: dropping TABLE ConstructionSetting
pg_restore: dropping TABLE ConstructionIssue
pg_restore: dropping TABLE ConstructionCalendar
pg_restore: dropping TABLE ConstructionBaseline
pg_restore: dropping TABLE ConstructionApproval
pg_restore: dropping TABLE ComplianceDocumentType
pg_restore: dropping TABLE CompanyProfile
pg_restore: dropping TABLE CommunicationLog
pg_restore: dropping TABLE Cluster
pg_restore: dropping TABLE ClaimType
pg_restore: dropping TABLE Claim
pg_restore: dropping TABLE ChartAccount
pg_restore: dropping TABLE ChangeRequest
pg_restore: dropping TABLE Budget
pg_restore: dropping TABLE BankName
pg_restore: dropping TABLE BankAccount
pg_restore: dropping TABLE AuditLog
pg_restore: dropping TABLE AttendanceRecord
pg_restore: dropping TABLE ApprovalWorkflow
pg_restore: dropping TABLE ApprovalRule
pg_restore: dropping TABLE ApprovalRequest
pg_restore: dropping TABLE ApprovalNode
pg_restore: dropping TABLE Appraisal
pg_restore: dropping TABLE AppRole
pg_restore: dropping TABLE ActivityRecord
pg_restore: dropping TABLE AccrualTypeConfig
pg_restore: dropping TABLE AccrualLine
pg_restore: dropping TABLE Accrual
pg_restore: dropping TYPE TaskStatus
pg_restore: dropping TYPE TaskPriority
pg_restore: dropping TYPE ResourceType
pg_restore: dropping TYPE ProjectType
pg_restore: dropping TYPE ProjectStatus
pg_restore: dropping TYPE PaymentType
pg_restore: dropping TYPE PaymentStatus
pg_restore: dropping TYPE POStatus
pg_restore: dropping TYPE NotificationStatus
pg_restore: dropping TYPE LeaveStatus
pg_restore: dropping TYPE IncomeStatus
pg_restore: dropping TYPE ExpenseStatus
pg_restore: dropping TYPE EmploymentType
pg_restore: dropping TYPE EmployeeStatus
pg_restore: dropping TYPE DocumentType
pg_restore: dropping TYPE ClaimStatus
pg_restore: dropping TYPE BudgetStatus
pg_restore: dropping TYPE BudgetScope
pg_restore: dropping TYPE ApprovalStatus
pg_restore: dropping SCHEMA public
pg_restore: creating SCHEMA "public"
pg_restore: from TOC entry 5; 2615 34878 SCHEMA public postgres
pg_restore: error: could not execute query: ERROR:  role "postgres" does not exist
Command was: ALTER SCHEMA public OWNER TO postgres;

pg_restore: creating COMMENT "SCHEMA public"
pg_restore: creating TYPE "public.ApprovalStatus"
pg_restore: from TOC entry 971; 1247 41288 TYPE ApprovalStatus postgres
pg_restore: error: could not execute query: ERROR:  role "postgres" does not exist
Command was: ALTER TYPE public."ApprovalStatus" OWNER TO postgres;

pg_restore: creating TYPE "public.BudgetScope"
pg_restore: from TOC entry 1166; 1247 34986 TYPE BudgetScope postgres
pg_restore: error: could not execute query: ERROR:  role "postgres" does not exist
Command was: ALTER TYPE public."BudgetScope" OWNER TO postgres;

pg_restore: creating TYPE "public.BudgetStatus"
pg_restore: from TOC entry 1169; 1247 34992 TYPE BudgetStatus postgres
pg_restore: error: could not execute query: ERROR:  role "postgres" does not exist
Command was: ALTER TYPE public."BudgetStatus" OWNER TO postgres;

pg_restore: creating TYPE "public.ClaimStatus"
pg_restore: from TOC entry 1178; 1247 35026 TYPE ClaimStatus postgres
pg_restore: error: could not execute query: ERROR:  role "postgres" does not exist
Command was: ALTER TYPE public."ClaimStatus" OWNER TO postgres;

pg_restore: creating TYPE "public.DocumentType"
pg_restore: from TOC entry 977; 1247 41308 TYPE DocumentType postgres
pg_restore: error: could not execute query: ERROR:  role "postgres" does not exist
Command was: ALTER TYPE public."DocumentType" OWNER TO postgres;

pg_restore: creating TYPE "public.EmployeeStatus"
pg_restore: from TOC entry 1151; 1247 34918 TYPE EmployeeStatus postgres
pg_restore: error: could not execute query: ERROR:  role "postgres" does not exist
Command was: ALTER TYPE public."EmployeeStatus" OWNER TO postgres;

pg_restore: creating TYPE "public.EmploymentType"
pg_restore: from TOC entry 1154; 1247 34926 TYPE EmploymentType postgres
pg_restore: error: could not execute query: ERROR:  role "postgres" does not exist
Command was: ALTER TYPE public."EmploymentType" OWNER TO postgres;

pg_restore: creating TYPE "public.ExpenseStatus"
pg_restore: from TOC entry 1160; 1247 34962 TYPE ExpenseStatus postgres
pg_restore: error: could not execute query: ERROR:  role "postgres" does not exist
Command was: ALTER TYPE public."ExpenseStatus" OWNER TO postgres;

pg_restore: creating TYPE "public.IncomeStatus"
pg_restore: from TOC entry 1163; 1247 34976 TYPE IncomeStatus postgres
pg_restore: error: could not execute query: ERROR:  role "postgres" does not exist
Command was: ALTER TYPE public."IncomeStatus" OWNER TO postgres;

pg_restore: creating TYPE "public.LeaveStatus"
pg_restore: from TOC entry 1157; 1247 34932 TYPE LeaveStatus postgres
pg_restore: error: could not execute query: ERROR:  role "postgres" does not exist
Command was: ALTER TYPE public."LeaveStatus" OWNER TO postgres;

pg_restore: creating TYPE "public.NotificationStatus"
pg_restore: from TOC entry 980; 1247 41322 TYPE NotificationStatus postgres
pg_restore: error: could not execute query: ERROR:  role "postgres" does not exist
Command was: ALTER TYPE public."NotificationStatus" OWNER TO postgres;

pg_restore: creating TYPE "public.POStatus"
pg_restore: from TOC entry 1079; 1247 65555 TYPE POStatus postgres
pg_restore: error: could not execute query: ERROR:  role "postgres" does not exist
Command was: ALTER TYPE public."POStatus" OWNER TO postgres;

pg_restore: creating TYPE "public.PaymentStatus"
pg_restore: from TOC entry 1175; 1247 35014 TYPE PaymentStatus postgres
pg_restore: error: could not execute query: ERROR:  role "postgres" does not exist
Command was: ALTER TYPE public."PaymentStatus" OWNER TO postgres;

pg_restore: creating TYPE "public.PaymentType"
pg_restore: from TOC entry 1172; 1247 35004 TYPE PaymentType postgres
pg_restore: error: could not execute query: ERROR:  role "postgres" does not exist
Command was: ALTER TYPE public."PaymentType" OWNER TO postgres;

pg_restore: creating TYPE "public.ProjectStatus"
pg_restore: from TOC entry 1145; 1247 34894 TYPE ProjectStatus postgres
pg_restore: error: could not execute query: ERROR:  role "postgres" does not exist
Command was: ALTER TYPE public."ProjectStatus" OWNER TO postgres;

pg_restore: creating TYPE "public.ProjectType"
pg_restore: from TOC entry 1148; 1247 34906 TYPE ProjectType postgres
pg_restore: error: could not execute query: ERROR:  role "postgres" does not exist
Command was: ALTER TYPE public."ProjectType" OWNER TO postgres;

pg_restore: creating TYPE "public.ResourceType"
pg_restore: from TOC entry 974; 1247 41298 TYPE ResourceType postgres
pg_restore: error: could not execute query: ERROR:  role "postgres" does not exist
Command was: ALTER TYPE public."ResourceType" OWNER TO postgres;

pg_restore: creating TYPE "public.TaskPriority"
pg_restore: from TOC entry 968; 1247 41278 TYPE TaskPriority postgres
pg_restore: error: could not execute query: ERROR:  role "postgres" does not exist
Command was: ALTER TYPE public."TaskPriority" OWNER TO postgres;

pg_restore: creating TYPE "public.TaskStatus"
pg_restore: from TOC entry 965; 1247 41266 TYPE TaskStatus postgres
pg_restore: error: could not execute query: ERROR:  role "postgres" does not exist
Command was: ALTER TYPE public."TaskStatus" OWNER TO postgres;

pg_restore: creating TABLE "public.Accrual"
pg_restore: from TOC entry 327; 1259 64934 TABLE Accrual postgres
pg_restore: error: could not execute query: ERROR:  role "postgres" does not exist
Command was: ALTER TABLE public."Accrual" OWNER TO postgres;

pg_restore: creating TABLE "public.AccrualLine"
pg_restore: from TOC entry 328; 1259 64961 TABLE AccrualLine postgres
pg_restore: error: could not execute query: ERROR:  role "postgres" does not exist
Command was: ALTER TABLE public."AccrualLine" OWNER TO postgres;

pg_restore: creating TABLE "public.AccrualTypeConfig"
pg_restore: from TOC entry 329; 1259 64979 TABLE AccrualTypeConfig postgres
pg_restore: error: could not execute query: ERROR:  role "postgres" does not exist
Command was: ALTER TABLE public."AccrualTypeConfig" OWNER TO postgres;

pg_restore: creating TABLE "public.ActivityRecord"
pg_restore: from TOC entry 267; 1259 36080 TABLE ActivityRecord postgres
pg_restore: error: could not execute query: ERROR:  role "postgres" does not exist
Command was: ALTER TABLE public."ActivityRecord" OWNER TO postgres;

pg_restore: creating TABLE "public.AppRole"
pg_restore: from TOC entry 236; 1259 35429 TABLE AppRole postgres
pg_restore: error: could not execute query: ERROR:  role "postgres" does not exist
Command was: ALTER TABLE public."AppRole" OWNER TO postgres;

pg_restore: creating TABLE "public.Appraisal"
pg_restore: from TOC entry 256; 1259 35845 TABLE Appraisal postgres
pg_restore: error: could not execute query: ERROR:  role "postgres" does not exist
Command was: ALTER TABLE public."Appraisal" OWNER TO postgres;

pg_restore: creating TABLE "public.ApprovalNode"
pg_restore: from TOC entry 282; 1259 41516 TABLE ApprovalNode postgres
pg_restore: error: could not execute query: ERROR:  role "postgres" does not exist
Command was: ALTER TABLE public."ApprovalNode" OWNER TO postgres;

pg_restore: creating TABLE "public.ApprovalRequest"
pg_restore: from TOC entry 293; 1259 44300 TABLE ApprovalRequest postgres
pg_restore: error: could not execute query: ERROR:  role "postgres" does not exist
Command was: ALTER TABLE public."ApprovalRequest" OWNER TO postgres;

pg_restore: creating TABLE "public.ApprovalRule"
pg_restore: from TOC entry 283; 1259 41532 TABLE ApprovalRule postgres
pg_restore: error: could not execute query: ERROR:  role "postgres" does not exist
Command was: ALTER TABLE public."ApprovalRule" OWNER TO postgres;

pg_restore: creating TABLE "public.ApprovalWorkflow"
pg_restore: from TOC entry 281; 1259 41501 TABLE ApprovalWorkflow postgres
pg_restore: error: could not execute query: ERROR:  role "postgres" does not exist
Command was: ALTER TABLE public."ApprovalWorkflow" OWNER TO postgres;

pg_restore: creating TABLE "public.AttendanceRecord"
pg_restore: from TOC entry 251; 1259 35734 TABLE AttendanceRecord postgres
pg_restore: error: could not execute query: ERROR:  role "postgres" does not exist
Command was: ALTER TABLE public."AttendanceRecord" OWNER TO postgres;

pg_restore: creating TABLE "public.AuditLog"
pg_restore: from TOC entry 276; 1259 41415 TABLE AuditLog postgres
pg_restore: error: could not execute query: ERROR:  role "postgres" does not exist
Command was: ALTER TABLE public."AuditLog" OWNER TO postgres;

pg_restore: creating TABLE "public.BankAccount"
pg_restore: from TOC entry 262; 1259 35959 TABLE BankAccount postgres
pg_restore: error: could not execute query: ERROR:  role "postgres" does not exist
Command was: ALTER TABLE public."BankAccount" OWNER TO postgres;

pg_restore: creating TABLE "public.BankName"
pg_restore: from TOC entry 324; 1259 54474 TABLE BankName postgres
pg_restore: error: could not execute query: ERROR:  role "postgres" does not exist
Command was: ALTER TABLE public."BankName" OWNER TO postgres;

pg_restore: creating TABLE "public.Budget"
pg_restore: from TOC entry 233; 1259 35297 TABLE Budget postgres
pg_restore: error: could not execute query: ERROR:  role "postgres" does not exist
Command was: ALTER TABLE public."Budget" OWNER TO postgres;

pg_restore: creating TABLE "public.ChangeRequest"
pg_restore: from TOC entry 300; 1259 44465 TABLE ChangeRequest postgres
pg_restore: error: could not execute query: ERROR:  role "postgres" does not exist
Command was: ALTER TABLE public."ChangeRequest" OWNER TO postgres;

pg_restore: creating TABLE "public.ChartAccount"
pg_restore: from TOC entry 261; 1259 35940 TABLE ChartAccount postgres
pg_restore: error: could not execute query: ERROR:  role "postgres" does not exist
Command was: ALTER TABLE public."ChartAccount" OWNER TO postgres;

pg_restore: creating TABLE "public.Claim"
pg_restore: from TOC entry 226; 1259 35165 TABLE Claim postgres
pg_restore: error: could not execute query: ERROR:  role "postgres" does not exist
Command was: ALTER TABLE public."Claim" OWNER TO postgres;

pg_restore: creating TABLE "public.ClaimType"
pg_restore: from TOC entry 225; 1259 35150 TABLE ClaimType postgres
pg_restore: error: could not execute query: ERROR:  role "postgres" does not exist
Command was: ALTER TABLE public."ClaimType" OWNER TO postgres;

pg_restore: creating TABLE "public.Cluster"
pg_restore: from TOC entry 297; 1259 44402 TABLE Cluster postgres
pg_restore: error: could not execute query: ERROR:  role "postgres" does not exist
Command was: ALTER TABLE public."Cluster" OWNER TO postgres;

pg_restore: creating TABLE "public.CommunicationLog"
pg_restore: from TOC entry 305; 1259 44611 TABLE CommunicationLog postgres
pg_restore: error: could not execute query: ERROR:  role "postgres" does not exist
Command was: ALTER TABLE public."CommunicationLog" OWNER TO postgres;

pg_restore: creating TABLE "public.CompanyProfile"
pg_restore: from TOC entry 274; 1259 41372 TABLE CompanyProfile postgres
pg_restore: error: could not execute query: ERROR:  role "postgres" does not exist
Command was: ALTER TABLE public."CompanyProfile" OWNER TO postgres;

pg_restore: creating TABLE "public.ComplianceDocumentType"
pg_restore: from TOC entry 271; 1259 36146 TABLE ComplianceDocumentType postgres
pg_restore: error: could not execute query: ERROR:  role "postgres" does not exist
Command was: ALTER TABLE public."ComplianceDocumentType" OWNER TO postgres;

pg_restore: creating TABLE "public.ConstructionApproval"
pg_restore: from TOC entry 249; 1259 35697 TABLE ConstructionApproval postgres
pg_restore: error: could not execute query: ERROR:  role "postgres" does not exist
Command was: ALTER TABLE public."ConstructionApproval" OWNER TO postgres;

pg_restore: creating TABLE "public.ConstructionBaseline"
pg_restore: from TOC entry 313; 1259 44808 TABLE ConstructionBaseline postgres
pg_restore: error: could not execute query: ERROR:  role "postgres" does not exist
Command was: ALTER TABLE public."ConstructionBaseline" OWNER TO postgres;

pg_restore: creating TABLE "public.ConstructionCalendar"
pg_restore: from TOC entry 314; 1259 44830 TABLE ConstructionCalendar postgres
pg_restore: error: could not execute query: ERROR:  role "postgres" does not exist
Command was: ALTER TABLE public."ConstructionCalendar" OWNER TO postgres;

pg_restore: creating TABLE "public.ConstructionIssue"
pg_restore: from TOC entry 299; 1259 44432 TABLE ConstructionIssue postgres
pg_restore: error: could not execute query: ERROR:  role "postgres" does not exist
Command was: ALTER TABLE public."ConstructionIssue" OWNER TO postgres;

pg_restore: creating TABLE "public.ConstructionSetting"
pg_restore: from TOC entry 315; 1259 44851 TABLE ConstructionSetting postgres
pg_restore: error: could not execute query: ERROR:  role "postgres" does not exist
Command was: ALTER TABLE public."ConstructionSetting" OWNER TO postgres;

pg_restore: creating TABLE "public.ConstructionTask"
pg_restore: from TOC entry 316; 1259 44870 TABLE ConstructionTask postgres
pg_restore: error: could not execute query: ERROR:  role "postgres" does not exist
Command was: ALTER TABLE public."ConstructionTask" OWNER TO postgres;

pg_restore: creating TABLE "public.Contractor"
pg_restore: from TOC entry 321; 1259 54403 TABLE Contractor postgres
pg_restore: error: could not execute query: ERROR:  role "postgres" does not exist
Command was: ALTER TABLE public."Contractor" OWNER TO postgres;

pg_restore: creating TABLE "public.DailyReport"
pg_restore: from TOC entry 309; 1259 44704 TABLE DailyReport postgres
pg_restore: error: could not execute query: ERROR:  role "postgres" does not exist
Command was: ALTER TABLE public."DailyReport" OWNER TO postgres;

pg_restore: creating TABLE "public.Department"
pg_restore: from TOC entry 221; 1259 35066 TABLE Department postgres
pg_restore: error: could not execute query: ERROR:  role "postgres" does not exist
Command was: ALTER TABLE public."Department" OWNER TO postgres;

pg_restore: creating TABLE "public.Director"
pg_restore: from TOC entry 275; 1259 41398 TABLE Director postgres
pg_restore: error: could not execute query: ERROR:  role "postgres" does not exist
Command was: ALTER TABLE public."Director" OWNER TO postgres;

pg_restore: creating TABLE "public.Disbursement"
pg_restore: from TOC entry 308; 1259 44681 TABLE Disbursement postgres
pg_restore: error: could not execute query: ERROR:  role "postgres" does not exist
Command was: ALTER TABLE public."Disbursement" OWNER TO postgres;

pg_restore: creating TABLE "public.DocumentFile"
pg_restore: from TOC entry 311; 1259 44750 TABLE DocumentFile postgres
pg_restore: error: could not execute query: ERROR:  role "postgres" does not exist
Command was: ALTER TABLE public."DocumentFile" OWNER TO postgres;

pg_restore: creating TABLE "public.DocumentFolder"
pg_restore: from TOC entry 310; 1259 44735 TABLE DocumentFolder postgres
pg_restore: error: could not execute query: ERROR:  role "postgres" does not exist
Command was: ALTER TABLE public."DocumentFolder" OWNER TO postgres;

pg_restore: creating TABLE "public.DocumentUpload"
pg_restore: from TOC entry 284; 1259 41546 TABLE DocumentUpload postgres
pg_restore: error: could not execute query: ERROR:  role "postgres" does not exist
Command was: ALTER TABLE public."DocumentUpload" OWNER TO postgres;

pg_restore: creating TABLE "public.EarnedValueRecord"
pg_restore: from TOC entry 312; 1259 44789 TABLE EarnedValueRecord postgres
pg_restore: error: could not execute query: ERROR:  role "postgres" does not exist
Command was: ALTER TABLE public."EarnedValueRecord" OWNER TO postgres;

pg_restore: creating TABLE "public.Employee"
pg_restore: from TOC entry 222; 1259 35081 TABLE Employee postgres
pg_restore: error: could not execute query: ERROR:  role "postgres" does not exist
Command was: ALTER TABLE public."Employee" OWNER TO postgres;

pg_restore: creating TABLE "public.EmployeeBank"
pg_restore: from TOC entry 278; 1259 41444 TABLE EmployeeBank postgres
pg_restore: error: could not execute query: ERROR:  role "postgres" does not exist
Command was: ALTER TABLE public."EmployeeBank" OWNER TO postgres;

pg_restore: creating TABLE "public.Equipment"
pg_restore: from TOC entry 298; 1259 44414 TABLE Equipment postgres
pg_restore: error: could not execute query: ERROR:  role "postgres" does not exist
Command was: ALTER TABLE public."Equipment" OWNER TO postgres;

pg_restore: creating TABLE "public.EquipmentResource"
pg_restore: from TOC entry 319; 1259 44955 TABLE EquipmentResource postgres
pg_restore: error: could not execute query: ERROR:  role "postgres" does not exist
Command was: ALTER TABLE public."EquipmentResource" OWNER TO postgres;

pg_restore: creating TABLE "public.Expense"
pg_restore: from TOC entry 231; 1259 35262 TABLE Expense postgres
pg_restore: error: could not execute query: ERROR:  role "postgres" does not exist
Command was: ALTER TABLE public."Expense" OWNER TO postgres;

pg_restore: creating TABLE "public.FundingAllocation"
pg_restore: from TOC entry 306; 1259 44638 TABLE FundingAllocation postgres
pg_restore: error: could not execute query: ERROR:  role "postgres" does not exist
Command was: ALTER TABLE public."FundingAllocation" OWNER TO postgres;

pg_restore: creating TABLE "public.FundingRelease"
pg_restore: from TOC entry 307; 1259 44660 TABLE FundingRelease postgres
pg_restore: error: could not execute query: ERROR:  role "postgres" does not exist
Command was: ALTER TABLE public."FundingRelease" OWNER TO postgres;

pg_restore: creating TABLE "public.GoodsReceipt"
pg_restore: from TOC entry 331; 1259 65582 TABLE GoodsReceipt postgres
pg_restore: error: could not execute query: ERROR:  role "postgres" does not exist
Command was: ALTER TABLE public."GoodsReceipt" OWNER TO postgres;

pg_restore: creating TABLE "public.GoodsReceiptItem"
pg_restore: from TOC entry 332; 1259 65609 TABLE GoodsReceiptItem postgres
pg_restore: error: could not execute query: ERROR:  role "postgres" does not exist
Command was: ALTER TABLE public."GoodsReceiptItem" OWNER TO postgres;

pg_restore: creating TABLE "public.Holiday"
pg_restore: from TOC entry 285; 1259 41566 TABLE Holiday postgres
pg_restore: error: could not execute query: ERROR:  role "postgres" does not exist
Command was: ALTER TABLE public."Holiday" OWNER TO postgres;

pg_restore: creating TABLE "public.HseRecord"
pg_restore: from TOC entry 304; 1259 44590 TABLE HseRecord postgres
pg_restore: error: could not execute query: ERROR:  role "postgres" does not exist
Command was: ALTER TABLE public."HseRecord" OWNER TO postgres;

pg_restore: creating TABLE "public.HumanResource"
pg_restore: from TOC entry 317; 1259 44906 TABLE HumanResource postgres
pg_restore: error: could not execute query: ERROR:  role "postgres" does not exist
Command was: ALTER TABLE public."HumanResource" OWNER TO postgres;

pg_restore: creating TABLE "public.Income"
pg_restore: from TOC entry 232; 1259 35280 TABLE Income postgres
pg_restore: error: could not execute query: ERROR:  role "postgres" does not exist
Command was: ALTER TABLE public."Income" OWNER TO postgres;

pg_restore: creating TABLE "public.Issue"
pg_restore: from TOC entry 257; 1259 35867 TABLE Issue postgres
pg_restore: error: could not execute query: ERROR:  role "postgres" does not exist
Command was: ALTER TABLE public."Issue" OWNER TO postgres;

pg_restore: creating TABLE "public.JobRole"
pg_restore: from TOC entry 265; 1259 36044 TABLE JobRole postgres
pg_restore: error: could not execute query: ERROR:  role "postgres" does not exist
Command was: ALTER TABLE public."JobRole" OWNER TO postgres;

pg_restore: creating TABLE "public.JournalEntry"
pg_restore: from TOC entry 259; 1259 35906 TABLE JournalEntry postgres
pg_restore: error: could not execute query: ERROR:  role "postgres" does not exist
Command was: ALTER TABLE public."JournalEntry" OWNER TO postgres;

pg_restore: creating TABLE "public.JournalLine"
pg_restore: from TOC entry 260; 1259 35923 TABLE JournalLine postgres
pg_restore: error: could not execute query: ERROR:  role "postgres" does not exist
Command was: ALTER TABLE public."JournalLine" OWNER TO postgres;

pg_restore: creating TABLE "public.LeaveRequest"
pg_restore: from TOC entry 224; 1259 35129 TABLE LeaveRequest postgres
pg_restore: error: could not execute query: ERROR:  role "postgres" does not exist
Command was: ALTER TABLE public."LeaveRequest" OWNER TO postgres;

pg_restore: creating TABLE "public.LeaveType"
pg_restore: from TOC entry 223; 1259 35105 TABLE LeaveType postgres
pg_restore: error: could not execute query: ERROR:  role "postgres" does not exist
Command was: ALTER TABLE public."LeaveType" OWNER TO postgres;

pg_restore: creating TABLE "public.Material"
pg_restore: from TOC entry 237; 1259 35445 TABLE Material postgres
pg_restore: error: could not execute query: ERROR:  role "postgres" does not exist
Command was: ALTER TABLE public."Material" OWNER TO postgres;

pg_restore: creating TABLE "public.MaterialRequest"
pg_restore: from TOC entry 242; 1259 35547 TABLE MaterialRequest postgres
pg_restore: error: could not execute query: ERROR:  role "postgres" does not exist
Command was: ALTER TABLE public."MaterialRequest" OWNER TO postgres;

pg_restore: creating TABLE "public.MaterialResource"
pg_restore: from TOC entry 318; 1259 44930 TABLE MaterialResource postgres
pg_restore: error: could not execute query: ERROR:  role "postgres" does not exist
Command was: ALTER TABLE public."MaterialResource" OWNER TO postgres;

pg_restore: creating TABLE "public.MaterialReturn"
pg_restore: from TOC entry 243; 1259 35570 TABLE MaterialReturn postgres
pg_restore: error: could not execute query: ERROR:  role "postgres" does not exist
Command was: ALTER TABLE public."MaterialReturn" OWNER TO postgres;

pg_restore: creating TABLE "public.Notification"
pg_restore: from TOC entry 286; 1259 41584 TABLE Notification postgres
pg_restore: error: could not execute query: ERROR:  role "postgres" does not exist
Command was: ALTER TABLE public."Notification" OWNER TO postgres;

pg_restore: creating TABLE "public.NotificationPreference"
pg_restore: from TOC entry 294; 1259 44315 TABLE NotificationPreference postgres
pg_restore: error: could not execute query: ERROR:  role "postgres" does not exist
Command was: ALTER TABLE public."NotificationPreference" OWNER TO postgres;

pg_restore: creating TABLE "public.NotificationRule"
pg_restore: from TOC entry 289; 1259 44229 TABLE NotificationRule postgres
pg_restore: error: could not execute query: ERROR:  role "postgres" does not exist
Command was: ALTER TABLE public."NotificationRule" OWNER TO postgres;

pg_restore: creating TABLE "public.NotificationTemplate"
pg_restore: from TOC entry 295; 1259 44337 TABLE NotificationTemplate postgres
pg_restore: error: could not execute query: ERROR:  role "postgres" does not exist
Command was: ALTER TABLE public."NotificationTemplate" OWNER TO postgres;

pg_restore: creating TABLE "public.NumberingConfig"
pg_restore: from TOC entry 330; 1259 65086 TABLE NumberingConfig postgres
pg_restore: error: could not execute query: ERROR:  role "postgres" does not exist
Command was: ALTER TABLE public."NumberingConfig" OWNER TO postgres;

pg_restore: creating TABLE "public.OrgUnit"
pg_restore: from TOC entry 326; 1259 64777 TABLE OrgUnit postgres
pg_restore: error: could not execute query: ERROR:  role "postgres" does not exist
Command was: ALTER TABLE public."OrgUnit" OWNER TO postgres;

pg_restore: creating TABLE "public.POItem"
pg_restore: from TOC entry 230; 1259 35247 TABLE POItem postgres
pg_restore: error: could not execute query: ERROR:  role "postgres" does not exist
Command was: ALTER TABLE public."POItem" OWNER TO postgres;

pg_restore: creating TABLE "public.Payment"
pg_restore: from TOC entry 234; 1259 35319 TABLE Payment postgres
pg_restore: error: could not execute query: ERROR:  role "postgres" does not exist
Command was: ALTER TABLE public."Payment" OWNER TO postgres;

pg_restore: creating TABLE "public.PayrollEntry"
pg_restore: from TOC entry 254; 1259 35790 TABLE PayrollEntry postgres
pg_restore: error: could not execute query: ERROR:  role "postgres" does not exist
Command was: ALTER TABLE public."PayrollEntry" OWNER TO postgres;

pg_restore: creating TABLE "public.PayrollPeriod"
pg_restore: from TOC entry 252; 1259 35752 TABLE PayrollPeriod postgres
pg_restore: error: could not execute query: ERROR:  role "postgres" does not exist
Command was: ALTER TABLE public."PayrollPeriod" OWNER TO postgres;

pg_restore: creating TABLE "public.PayrollRun"
pg_restore: from TOC entry 253; 1259 35768 TABLE PayrollRun postgres
pg_restore: error: could not execute query: ERROR:  role "postgres" does not exist
Command was: ALTER TABLE public."PayrollRun" OWNER TO postgres;

pg_restore: creating TABLE "public.Payslip"
pg_restore: from TOC entry 255; 1259 35816 TABLE Payslip postgres
pg_restore: error: could not execute query: ERROR:  role "postgres" does not exist
Command was: ALTER TABLE public."Payslip" OWNER TO postgres;

pg_restore: creating TABLE "public.Permission"
pg_restore: from TOC entry 273; 1259 41360 TABLE Permission postgres
pg_restore: error: could not execute query: ERROR:  role "postgres" does not exist
Command was: ALTER TABLE public."Permission" OWNER TO postgres;

pg_restore: creating TABLE "public.Project"
pg_restore: from TOC entry 220; 1259 35037 TABLE Project postgres
pg_restore: error: could not execute query: ERROR:  role "postgres" does not exist
Command was: ALTER TABLE public."Project" OWNER TO postgres;

pg_restore: creating TABLE "public.ProjectDelay"
pg_restore: from TOC entry 301; 1259 44505 TABLE ProjectDelay postgres
pg_restore: error: could not execute query: ERROR:  role "postgres" does not exist
Command was: ALTER TABLE public."ProjectDelay" OWNER TO postgres;

pg_restore: creating TABLE "public.ProjectDocument"
pg_restore: from TOC entry 248; 1259 35677 TABLE ProjectDocument postgres
pg_restore: error: could not execute query: ERROR:  role "postgres" does not exist
Command was: ALTER TABLE public."ProjectDocument" OWNER TO postgres;

pg_restore: creating TABLE "public.ProjectPhase"
pg_restore: from TOC entry 280; 1259 41481 TABLE ProjectPhase postgres
pg_restore: error: could not execute query: ERROR:  role "postgres" does not exist
Command was: ALTER TABLE public."ProjectPhase" OWNER TO postgres;

pg_restore: creating TABLE "public.ProjectSetup"
pg_restore: from TOC entry 296; 1259 44382 TABLE ProjectSetup postgres
pg_restore: error: could not execute query: ERROR:  role "postgres" does not exist
Command was: ALTER TABLE public."ProjectSetup" OWNER TO postgres;

pg_restore: creating TABLE "public.PurchaseInvoice"
pg_restore: from TOC entry 245; 1259 35614 TABLE PurchaseInvoice postgres
pg_restore: error: could not execute query: ERROR:  role "postgres" does not exist
Command was: ALTER TABLE public."PurchaseInvoice" OWNER TO postgres;

pg_restore: creating TABLE "public.PurchaseOrder"
pg_restore: from TOC entry 229; 1259 35221 TABLE PurchaseOrder postgres
pg_restore: error: could not execute query: ERROR:  role "postgres" does not exist
Command was: ALTER TABLE public."PurchaseOrder" OWNER TO postgres;

pg_restore: creating TABLE "public.PurchaseRequest"
pg_restore: from TOC entry 244; 1259 35594 TABLE PurchaseRequest postgres
pg_restore: error: could not execute query: ERROR:  role "postgres" does not exist
Command was: ALTER TABLE public."PurchaseRequest" OWNER TO postgres;

pg_restore: creating TABLE "public.QualityNcr"
pg_restore: from TOC entry 303; 1259 44562 TABLE QualityNcr postgres
pg_restore: error: could not execute query: ERROR:  role "postgres" does not exist
Command was: ALTER TABLE public."QualityNcr" OWNER TO postgres;

pg_restore: creating TABLE "public.ReceivedQuote"
pg_restore: from TOC entry 247; 1259 35657 TABLE ReceivedQuote postgres
pg_restore: error: could not execute query: ERROR:  role "postgres" does not exist
Command was: ALTER TABLE public."ReceivedQuote" OWNER TO postgres;

pg_restore: creating TABLE "public.ReportDefinition"
pg_restore: from TOC entry 268; 1259 36093 TABLE ReportDefinition postgres
pg_restore: error: could not execute query: ERROR:  role "postgres" does not exist
Command was: ALTER TABLE public."ReportDefinition" OWNER TO postgres;

pg_restore: creating TABLE "public.ReportRun"
pg_restore: from TOC entry 269; 1259 36111 TABLE ReportRun postgres
pg_restore: error: could not execute query: ERROR:  role "postgres" does not exist
Command was: ALTER TABLE public."ReportRun" OWNER TO postgres;

pg_restore: creating TABLE "public.ResourceAllocation"
pg_restore: from TOC entry 279; 1259 41461 TABLE ResourceAllocation postgres
pg_restore: error: could not execute query: ERROR:  role "postgres" does not exist
Command was: ALTER TABLE public."ResourceAllocation" OWNER TO postgres;

pg_restore: creating TABLE "public.ResourcePlan"
pg_restore: from TOC entry 270; 1259 36126 TABLE ResourcePlan postgres
pg_restore: error: could not execute query: ERROR:  role "postgres" does not exist
Command was: ALTER TABLE public."ResourcePlan" OWNER TO postgres;

pg_restore: creating TABLE "public.SalaryBand"
pg_restore: from TOC entry 277; 1259 41429 TABLE SalaryBand postgres
pg_restore: error: could not execute query: ERROR:  role "postgres" does not exist
Command was: ALTER TABLE public."SalaryBand" OWNER TO postgres;

pg_restore: creating TABLE "public.SentRFQ"
pg_restore: from TOC entry 246; 1259 35638 TABLE SentRFQ postgres
pg_restore: error: could not execute query: ERROR:  role "postgres" does not exist
Command was: ALTER TABLE public."SentRFQ" OWNER TO postgres;

pg_restore: creating TABLE "public.Stakeholder"
pg_restore: from TOC entry 302; 1259 44539 TABLE Stakeholder postgres
pg_restore: error: could not execute query: ERROR:  role "postgres" does not exist
Command was: ALTER TABLE public."Stakeholder" OWNER TO postgres;

pg_restore: creating TABLE "public.StockMovement"
pg_restore: from TOC entry 240; 1259 35508 TABLE StockMovement postgres
pg_restore: error: could not execute query: ERROR:  role "postgres" does not exist
Command was: ALTER TABLE public."StockMovement" OWNER TO postgres;

pg_restore: creating TABLE "public.StockTransfer"
pg_restore: from TOC entry 241; 1259 35526 TABLE StockTransfer postgres
pg_restore: error: could not execute query: ERROR:  role "postgres" does not exist
Command was: ALTER TABLE public."StockTransfer" OWNER TO postgres;

pg_restore: creating TABLE "public.Store"
pg_restore: from TOC entry 238; 1259 35473 TABLE Store postgres
pg_restore: error: could not execute query: ERROR:  role "postgres" does not exist
Command was: ALTER TABLE public."Store" OWNER TO postgres;

pg_restore: creating TABLE "public.StoreItem"
pg_restore: from TOC entry 239; 1259 35487 TABLE StoreItem postgres
pg_restore: error: could not execute query: ERROR:  role "postgres" does not exist
Command was: ALTER TABLE public."StoreItem" OWNER TO postgres;

pg_restore: creating TABLE "public.Supplier"
pg_restore: from TOC entry 227; 1259 35183 TABLE Supplier postgres
pg_restore: error: could not execute query: ERROR:  role "postgres" does not exist
Command was: ALTER TABLE public."Supplier" OWNER TO postgres;

pg_restore: creating TABLE "public.SupplierMaterial"
pg_restore: from TOC entry 228; 1259 35209 TABLE SupplierMaterial postgres
pg_restore: error: could not execute query: ERROR:  role "postgres" does not exist
Command was: ALTER TABLE public."SupplierMaterial" OWNER TO postgres;

pg_restore: creating TABLE "public.SystemSetting"
pg_restore: from TOC entry 323; 1259 54459 TABLE SystemSetting postgres
pg_restore: error: could not execute query: ERROR:  role "postgres" does not exist
Command was: ALTER TABLE public."SystemSetting" OWNER TO postgres;

pg_restore: creating TABLE "public.Task"
pg_restore: from TOC entry 264; 1259 36025 TABLE Task postgres
pg_restore: error: could not execute query: ERROR:  role "postgres" does not exist
Command was: ALTER TABLE public."Task" OWNER TO postgres;

pg_restore: creating TABLE "public.TaxConfig"
pg_restore: from TOC entry 263; 1259 35979 TABLE TaxConfig postgres
pg_restore: error: could not execute query: ERROR:  role "postgres" does not exist
Command was: ALTER TABLE public."TaxConfig" OWNER TO postgres;

pg_restore: creating TABLE "public.Timeline"
pg_restore: from TOC entry 250; 1259 35716 TABLE Timeline postgres
pg_restore: error: could not execute query: ERROR:  role "postgres" does not exist
Command was: ALTER TABLE public."Timeline" OWNER TO postgres;

pg_restore: creating TABLE "public.Transaction"
pg_restore: from TOC entry 258; 1259 35888 TABLE Transaction postgres
pg_restore: error: could not execute query: ERROR:  role "postgres" does not exist
Command was: ALTER TABLE public."Transaction" OWNER TO postgres;

pg_restore: creating TABLE "public.User"
pg_restore: from TOC entry 235; 1259 35411 TABLE User postgres
pg_restore: error: could not execute query: ERROR:  relation "User" already exists
Command was: CREATE TABLE public."User" (
    id text NOT NULL,
    email text NOT NULL,
    password text NOT NULL,
    name text NOT NULL,
    department text,
    phone text,
    status text DEFAULT 'Active'::text NOT NULL,
    "lastLogin" timestamp(3) without time zone,
    "createdAt" timestamp(3) without time zone DEFAULT CURRENT_TIMESTAMP NOT NULL,
    "updatedAt" timestamp(3) without time zone NOT NULL,
    "refreshTokenHash" text,
    "refreshTokenExpiresAt" timestamp(3) without time zone,
    "assignedApps" text[] DEFAULT ARRAY['ess'::text],
    "inviteExpiresAt" timestamp(3) without time zone,
    "inviteToken" text,
    "permissionScope" text DEFAULT 'global'::text NOT NULL,
    role text DEFAULT 'viewer'::text NOT NULL,
    "userId" text,
    signature text,
    "permissionOverrides" text[] DEFAULT ARRAY[]::text[],
    "lastSeenAt" timestamp(3) without time zone
);


pg_restore: error: could not execute query: ERROR:  role "postgres" does not exist
Command was: ALTER TABLE public."User" OWNER TO postgres;

pg_restore: creating TABLE "public.UserRole"
pg_restore: from TOC entry 272; 1259 41346 TABLE UserRole postgres
pg_restore: error: could not execute query: ERROR:  role "postgres" does not exist
Command was: ALTER TABLE public."UserRole" OWNER TO postgres;

pg_restore: creating TABLE "public.Vendor"
pg_restore: from TOC entry 322; 1259 54428 TABLE Vendor postgres
pg_restore: error: could not execute query: ERROR:  role "postgres" does not exist
Command was: ALTER TABLE public."Vendor" OWNER TO postgres;

pg_restore: creating TABLE "public.VisitorLog"
pg_restore: from TOC entry 325; 1259 54494 TABLE VisitorLog postgres
pg_restore: error: could not execute query: ERROR:  role "postgres" does not exist
Command was: ALTER TABLE public."VisitorLog" OWNER TO postgres;

pg_restore: creating TABLE "public.Webhook"
pg_restore: from TOC entry 290; 1259 44244 TABLE Webhook postgres
pg_restore: error: could not execute query: ERROR:  role "postgres" does not exist
Command was: ALTER TABLE public."Webhook" OWNER TO postgres;

pg_restore: creating TABLE "public.WebhookDelivery"
pg_restore: from TOC entry 291; 1259 44264 TABLE WebhookDelivery postgres
pg_restore: error: could not execute query: ERROR:  role "postgres" does not exist
Command was: ALTER TABLE public."WebhookDelivery" OWNER TO postgres;

pg_restore: creating TABLE "public.WorkflowInstance"
pg_restore: from TOC entry 292; 1259 44281 TABLE WorkflowInstance postgres
pg_restore: error: could not execute query: ERROR:  role "postgres" does not exist
Command was: ALTER TABLE public."WorkflowInstance" OWNER TO postgres;

pg_restore: creating TABLE "public.WorkforceAllocation"
pg_restore: from TOC entry 266; 1259 36061 TABLE WorkforceAllocation postgres
pg_restore: error: could not execute query: ERROR:  role "postgres" does not exist
Command was: ALTER TABLE public."WorkforceAllocation" OWNER TO postgres;

pg_restore: creating TABLE "public._AppRoleToPermission"
pg_restore: from TOC entry 288; 1259 41609 TABLE _AppRoleToPermission postgres
pg_restore: error: could not execute query: ERROR:  role "postgres" does not exist
Command was: ALTER TABLE public."_AppRoleToPermission" OWNER TO postgres;

pg_restore: creating TABLE "public._PermissionToUser"
pg_restore: from TOC entry 287; 1259 41602 TABLE _PermissionToUser postgres
pg_restore: error: could not execute query: ERROR:  role "postgres" does not exist
Command was: ALTER TABLE public."_PermissionToUser" OWNER TO postgres;

pg_restore: creating TABLE "public._prisma_migrations"
pg_restore: from TOC entry 219; 1259 34879 TABLE _prisma_migrations postgres
pg_restore: error: could not execute query: ERROR:  role "postgres" does not exist
Command was: ALTER TABLE public._prisma_migrations OWNER TO postgres;

pg_restore: creating TABLE "public.user_password_history"
pg_restore: from TOC entry 320; 1259 54378 TABLE user_password_history postgres
pg_restore: error: could not execute query: ERROR:  role "postgres" does not exist
Command was: ALTER TABLE public.user_password_history OWNER TO postgres;

pg_restore: processing data for table "public.Accrual"
pg_restore: processing data for table "public.AccrualLine"
pg_restore: processing data for table "public.AccrualTypeConfig"
pg_restore: processing data for table "public.ActivityRecord"
pg_restore: processing data for table "public.AppRole"
pg_restore: processing data for table "public.Appraisal"
pg_restore: processing data for table "public.ApprovalNode"
pg_restore: processing data for table "public.ApprovalRequest"
pg_restore: processing data for table "public.ApprovalRule"
pg_restore: processing data for table "public.ApprovalWorkflow"
pg_restore: processing data for table "public.AttendanceRecord"
pg_restore: processing data for table "public.AuditLog"
pg_restore: processing data for table "public.BankAccount"
pg_restore: processing data for table "public.BankName"
pg_restore: processing data for table "public.Budget"
pg_restore: processing data for table "public.ChangeRequest"
pg_restore: processing data for table "public.ChartAccount"
pg_restore: processing data for table "public.Claim"
pg_restore: processing data for table "public.ClaimType"
pg_restore: processing data for table "public.Cluster"
pg_restore: processing data for table "public.CommunicationLog"
pg_restore: processing data for table "public.CompanyProfile"
pg_restore: processing data for table "public.ComplianceDocumentType"
pg_restore: processing data for table "public.ConstructionApproval"
pg_restore: processing data for table "public.ConstructionBaseline"
pg_restore: processing data for table "public.ConstructionCalendar"
pg_restore: processing data for table "public.ConstructionIssue"
pg_restore: processing data for table "public.ConstructionSetting"
pg_restore: processing data for table "public.ConstructionTask"
pg_restore: processing data for table "public.Contractor"
pg_restore: processing data for table "public.DailyReport"
pg_restore: processing data for table "public.Department"
pg_restore: processing data for table "public.Director"
pg_restore: processing data for table "public.Disbursement"
pg_restore: processing data for table "public.DocumentFile"
pg_restore: processing data for table "public.DocumentFolder"
pg_restore: processing data for table "public.DocumentUpload"
pg_restore: processing data for table "public.EarnedValueRecord"
pg_restore: processing data for table "public.Employee"
pg_restore: processing data for table "public.EmployeeBank"
pg_restore: processing data for table "public.Equipment"
pg_restore: processing data for table "public.EquipmentResource"
pg_restore: processing data for table "public.Expense"
pg_restore: processing data for table "public.FundingAllocation"
pg_restore: processing data for table "public.FundingRelease"
pg_restore: processing data for table "public.GoodsReceipt"
pg_restore: processing data for table "public.GoodsReceiptItem"
pg_restore: processing data for table "public.Holiday"
pg_restore: processing data for table "public.HseRecord"
pg_restore: processing data for table "public.HumanResource"
pg_restore: processing data for table "public.Income"
pg_restore: processing data for table "public.Issue"
pg_restore: processing data for table "public.JobRole"
pg_restore: processing data for table "public.JournalEntry"
pg_restore: processing data for table "public.JournalLine"
pg_restore: processing data for table "public.LeaveRequest"
pg_restore: processing data for table "public.LeaveType"
pg_restore: processing data for table "public.Material"
pg_restore: processing data for table "public.MaterialRequest"
pg_restore: processing data for table "public.MaterialResource"
pg_restore: processing data for table "public.MaterialReturn"
pg_restore: processing data for table "public.Notification"
pg_restore: processing data for table "public.NotificationPreference"
pg_restore: processing data for table "public.NotificationRule"
pg_restore: processing data for table "public.NotificationTemplate"
pg_restore: processing data for table "public.NumberingConfig"
pg_restore: processing data for table "public.OrgUnit"
pg_restore: processing data for table "public.POItem"
pg_restore: processing data for table "public.Payment"
pg_restore: processing data for table "public.PayrollEntry"
pg_restore: processing data for table "public.PayrollPeriod"
pg_restore: processing data for table "public.PayrollRun"
pg_restore: processing data for table "public.Payslip"
pg_restore: processing data for table "public.Permission"
pg_restore: processing data for table "public.Project"
pg_restore: processing data for table "public.ProjectDelay"
pg_restore: processing data for table "public.ProjectDocument"
pg_restore: processing data for table "public.ProjectPhase"
pg_restore: processing data for table "public.ProjectSetup"
pg_restore: processing data for table "public.PurchaseInvoice"
pg_restore: processing data for table "public.PurchaseOrder"
pg_restore: processing data for table "public.PurchaseRequest"
pg_restore: processing data for table "public.QualityNcr"
pg_restore: processing data for table "public.ReceivedQuote"
pg_restore: processing data for table "public.ReportDefinition"
pg_restore: processing data for table "public.ReportRun"
pg_restore: processing data for table "public.ResourceAllocation"
pg_restore: processing data for table "public.ResourcePlan"
pg_restore: processing data for table "public.SalaryBand"
pg_restore: processing data for table "public.SentRFQ"
pg_restore: processing data for table "public.Stakeholder"
pg_restore: processing data for table "public.StockMovement"
pg_restore: processing data for table "public.StockTransfer"
pg_restore: processing data for table "public.Store"
pg_restore: processing data for table "public.StoreItem"
pg_restore: processing data for table "public.Supplier"
pg_restore: processing data for table "public.SupplierMaterial"
pg_restore: processing data for table "public.SystemSetting"
pg_restore: processing data for table "public.Task"
pg_restore: processing data for table "public.TaxConfig"
pg_restore: processing data for table "public.Timeline"
pg_restore: processing data for table "public.Transaction"
pg_restore: processing data for table "public.User"
pg_restore: processing data for table "public.UserRole"
pg_restore: processing data for table "public.Vendor"
pg_restore: processing data for table "public.VisitorLog"
pg_restore: processing data for table "public.Webhook"
pg_restore: processing data for table "public.WebhookDelivery"
pg_restore: processing data for table "public.WorkflowInstance"
pg_restore: processing data for table "public.WorkforceAllocation"
pg_restore: processing data for table "public._AppRoleToPermission"
pg_restore: processing data for table "public._PermissionToUser"
pg_restore: processing data for table "public._prisma_migrations"
pg_restore: processing data for table "public.user_password_history"
pg_restore: creating CONSTRAINT "public.AccrualLine AccrualLine_pkey"
pg_restore: creating CONSTRAINT "public.AccrualTypeConfig AccrualTypeConfig_pkey"
pg_restore: creating CONSTRAINT "public.Accrual Accrual_pkey"
pg_restore: creating CONSTRAINT "public.ActivityRecord ActivityRecord_pkey"
pg_restore: creating CONSTRAINT "public.AppRole AppRole_pkey"
pg_restore: creating CONSTRAINT "public.Appraisal Appraisal_pkey"
pg_restore: creating CONSTRAINT "public.ApprovalNode ApprovalNode_pkey"
pg_restore: creating CONSTRAINT "public.ApprovalRequest ApprovalRequest_pkey"
pg_restore: creating CONSTRAINT "public.ApprovalRule ApprovalRule_pkey"
pg_restore: creating CONSTRAINT "public.ApprovalWorkflow ApprovalWorkflow_pkey"
pg_restore: creating CONSTRAINT "public.AttendanceRecord AttendanceRecord_pkey"
pg_restore: creating CONSTRAINT "public.AuditLog AuditLog_pkey"
pg_restore: creating CONSTRAINT "public.BankAccount BankAccount_pkey"
pg_restore: creating CONSTRAINT "public.BankName BankName_pkey"
pg_restore: creating CONSTRAINT "public.Budget Budget_pkey"
pg_restore: creating CONSTRAINT "public.ChangeRequest ChangeRequest_pkey"
pg_restore: creating CONSTRAINT "public.ChartAccount ChartAccount_pkey"
pg_restore: creating CONSTRAINT "public.ClaimType ClaimType_pkey"
pg_restore: creating CONSTRAINT "public.Claim Claim_pkey"
pg_restore: creating CONSTRAINT "public.Cluster Cluster_pkey"
pg_restore: creating CONSTRAINT "public.CommunicationLog CommunicationLog_pkey"
pg_restore: creating CONSTRAINT "public.CompanyProfile CompanyProfile_pkey"
pg_restore: creating CONSTRAINT "public.ComplianceDocumentType ComplianceDocumentType_pkey"
pg_restore: creating CONSTRAINT "public.ConstructionApproval ConstructionApproval_pkey"
pg_restore: creating CONSTRAINT "public.ConstructionBaseline ConstructionBaseline_pkey"
pg_restore: creating CONSTRAINT "public.ConstructionCalendar ConstructionCalendar_pkey"
pg_restore: creating CONSTRAINT "public.ConstructionIssue ConstructionIssue_pkey"
pg_restore: creating CONSTRAINT "public.ConstructionSetting ConstructionSetting_pkey"
pg_restore: creating CONSTRAINT "public.ConstructionTask ConstructionTask_pkey"
pg_restore: creating CONSTRAINT "public.Contractor Contractor_pkey"
pg_restore: creating CONSTRAINT "public.DailyReport DailyReport_pkey"
pg_restore: creating CONSTRAINT "public.Department Department_pkey"
pg_restore: creating CONSTRAINT "public.Director Director_pkey"
pg_restore: creating CONSTRAINT "public.Disbursement Disbursement_pkey"
pg_restore: creating CONSTRAINT "public.DocumentFile DocumentFile_pkey"
pg_restore: creating CONSTRAINT "public.DocumentFolder DocumentFolder_pkey"
pg_restore: creating CONSTRAINT "public.DocumentUpload DocumentUpload_pkey"
pg_restore: creating CONSTRAINT "public.EarnedValueRecord EarnedValueRecord_pkey"
pg_restore: creating CONSTRAINT "public.EmployeeBank EmployeeBank_pkey"
pg_restore: creating CONSTRAINT "public.Employee Employee_pkey"
pg_restore: creating CONSTRAINT "public.EquipmentResource EquipmentResource_pkey"
pg_restore: creating CONSTRAINT "public.Equipment Equipment_pkey"
pg_restore: creating CONSTRAINT "public.Expense Expense_pkey"
pg_restore: creating CONSTRAINT "public.FundingAllocation FundingAllocation_pkey"
pg_restore: creating CONSTRAINT "public.FundingRelease FundingRelease_pkey"
pg_restore: creating CONSTRAINT "public.GoodsReceiptItem GoodsReceiptItem_pkey"
pg_restore: creating CONSTRAINT "public.GoodsReceipt GoodsReceipt_pkey"
pg_restore: creating CONSTRAINT "public.Holiday Holiday_pkey"
pg_restore: creating CONSTRAINT "public.HseRecord HseRecord_pkey"
pg_restore: creating CONSTRAINT "public.HumanResource HumanResource_pkey"
pg_restore: creating CONSTRAINT "public.Income Income_pkey"
pg_restore: creating CONSTRAINT "public.Issue Issue_pkey"
pg_restore: creating CONSTRAINT "public.JobRole JobRole_pkey"
pg_restore: creating CONSTRAINT "public.JournalEntry JournalEntry_pkey"
pg_restore: creating CONSTRAINT "public.JournalLine JournalLine_pkey"
pg_restore: creating CONSTRAINT "public.LeaveRequest LeaveRequest_pkey"
pg_restore: creating CONSTRAINT "public.LeaveType LeaveType_pkey"
pg_restore: creating CONSTRAINT "public.MaterialRequest MaterialRequest_pkey"
pg_restore: creating CONSTRAINT "public.MaterialResource MaterialResource_pkey"
pg_restore: creating CONSTRAINT "public.MaterialReturn MaterialReturn_pkey"
pg_restore: creating CONSTRAINT "public.Material Material_pkey"
pg_restore: creating CONSTRAINT "public.NotificationPreference NotificationPreference_pkey"
pg_restore: creating CONSTRAINT "public.NotificationRule NotificationRule_pkey"
pg_restore: creating CONSTRAINT "public.NotificationTemplate NotificationTemplate_pkey"
pg_restore: creating CONSTRAINT "public.Notification Notification_pkey"
pg_restore: creating CONSTRAINT "public.NumberingConfig NumberingConfig_pkey"
pg_restore: creating CONSTRAINT "public.OrgUnit OrgUnit_pkey"
pg_restore: creating CONSTRAINT "public.POItem POItem_pkey"
pg_restore: creating CONSTRAINT "public.Payment Payment_pkey"
pg_restore: creating CONSTRAINT "public.PayrollEntry PayrollEntry_pkey"
pg_restore: creating CONSTRAINT "public.PayrollPeriod PayrollPeriod_pkey"
pg_restore: creating CONSTRAINT "public.PayrollRun PayrollRun_pkey"
pg_restore: creating CONSTRAINT "public.Payslip Payslip_pkey"
pg_restore: creating CONSTRAINT "public.Permission Permission_pkey"
pg_restore: creating CONSTRAINT "public.ProjectDelay ProjectDelay_pkey"
pg_restore: creating CONSTRAINT "public.ProjectDocument ProjectDocument_pkey"
pg_restore: creating CONSTRAINT "public.ProjectPhase ProjectPhase_pkey"
pg_restore: creating CONSTRAINT "public.ProjectSetup ProjectSetup_pkey"
pg_restore: creating CONSTRAINT "public.Project Project_pkey"
pg_restore: creating CONSTRAINT "public.PurchaseInvoice PurchaseInvoice_pkey"
pg_restore: creating CONSTRAINT "public.PurchaseOrder PurchaseOrder_pkey"
pg_restore: creating CONSTRAINT "public.PurchaseRequest PurchaseRequest_pkey"
pg_restore: creating CONSTRAINT "public.QualityNcr QualityNcr_pkey"
pg_restore: creating CONSTRAINT "public.ReceivedQuote ReceivedQuote_pkey"
pg_restore: creating CONSTRAINT "public.ReportDefinition ReportDefinition_pkey"
pg_restore: creating CONSTRAINT "public.ReportRun ReportRun_pkey"
pg_restore: creating CONSTRAINT "public.ResourceAllocation ResourceAllocation_pkey"
pg_restore: creating CONSTRAINT "public.ResourcePlan ResourcePlan_pkey"
pg_restore: creating CONSTRAINT "public.SalaryBand SalaryBand_pkey"
pg_restore: creating CONSTRAINT "public.SentRFQ SentRFQ_pkey"
pg_restore: creating CONSTRAINT "public.Stakeholder Stakeholder_pkey"
pg_restore: creating CONSTRAINT "public.StockMovement StockMovement_pkey"
pg_restore: creating CONSTRAINT "public.StockTransfer StockTransfer_pkey"
pg_restore: creating CONSTRAINT "public.StoreItem StoreItem_pkey"
pg_restore: creating CONSTRAINT "public.Store Store_pkey"
pg_restore: creating CONSTRAINT "public.SupplierMaterial SupplierMaterial_pkey"
pg_restore: creating CONSTRAINT "public.Supplier Supplier_pkey"
pg_restore: creating CONSTRAINT "public.SystemSetting SystemSetting_pkey"
pg_restore: creating CONSTRAINT "public.Task Task_pkey"
pg_restore: creating CONSTRAINT "public.TaxConfig TaxConfig_pkey"
pg_restore: creating CONSTRAINT "public.Timeline Timeline_pkey"
pg_restore: creating CONSTRAINT "public.Transaction Transaction_pkey"
pg_restore: creating CONSTRAINT "public.UserRole UserRole_pkey"
pg_restore: creating CONSTRAINT "public.User User_pkey"
pg_restore: from TOC entry 4338; 2606 35428 CONSTRAINT User User_pkey postgres
pg_restore: error: could not execute query: ERROR:  multiple primary keys for table "User" are not allowed
Command was: ALTER TABLE ONLY public."User"
    ADD CONSTRAINT "User_pkey" PRIMARY KEY (id);


pg_restore: creating CONSTRAINT "public.Vendor Vendor_pkey"
pg_restore: creating CONSTRAINT "public.VisitorLog VisitorLog_pkey"
pg_restore: creating CONSTRAINT "public.WebhookDelivery WebhookDelivery_pkey"
pg_restore: creating CONSTRAINT "public.Webhook Webhook_pkey"
pg_restore: creating CONSTRAINT "public.WorkflowInstance WorkflowInstance_pkey"
pg_restore: creating CONSTRAINT "public.WorkforceAllocation WorkforceAllocation_pkey"
pg_restore: creating CONSTRAINT "public._prisma_migrations _prisma_migrations_pkey"
pg_restore: creating CONSTRAINT "public.user_password_history user_password_history_pkey"
pg_restore: creating INDEX "public.AccrualLine_accrualId_idx"
pg_restore: creating INDEX "public.AccrualTypeConfig_type_key"
pg_restore: creating INDEX "public.Accrual_fiscalYearId_idx"
pg_restore: creating INDEX "public.Accrual_reference_key"
pg_restore: creating INDEX "public.Accrual_status_idx"
pg_restore: creating INDEX "public.AppRole_name_key"
pg_restore: creating INDEX "public.ApprovalWorkflow_name_key"
pg_restore: creating INDEX "public.ChangeRequest_projectId_idx"
pg_restore: creating INDEX "public.ChartAccount_code_key"
pg_restore: creating INDEX "public.ClaimType_name_key"
pg_restore: creating INDEX "public.Cluster_name_key"
pg_restore: creating INDEX "public.CommunicationLog_projectId_idx"
pg_restore: creating INDEX "public.ConstructionBaseline_projectId_idx"
pg_restore: creating INDEX "public.ConstructionCalendar_projectId_idx"
pg_restore: creating INDEX "public.ConstructionIssue_projectId_idx"
pg_restore: creating INDEX "public.ConstructionSetting_scope_key"
pg_restore: creating INDEX "public.ConstructionTask_projectId_idx"
pg_restore: creating INDEX "public.DailyReport_projectId_idx"
pg_restore: creating INDEX "public.Department_headId_key"
pg_restore: creating INDEX "public.Department_name_key"
pg_restore: creating INDEX "public.Disbursement_projectId_idx"
pg_restore: creating INDEX "public.DocumentFile_folderId_idx"
pg_restore: creating INDEX "public.DocumentFile_projectId_idx"
pg_restore: creating INDEX "public.DocumentFolder_projectId_idx"
pg_restore: creating INDEX "public.EarnedValueRecord_projectId_idx"
pg_restore: creating INDEX "public.EmployeeBank_employeeId_key"
pg_restore: creating INDEX "public.Employee_email_key"
pg_restore: creating INDEX "public.Employee_userId_key"
pg_restore: creating INDEX "public.EquipmentResource_projectId_idx"
pg_restore: creating INDEX "public.FundingAllocation_projectId_idx"
pg_restore: creating INDEX "public.FundingRelease_allocationId_idx"
pg_restore: creating INDEX "public.FundingRelease_projectId_idx"
pg_restore: creating INDEX "public.GoodsReceipt_purchaseOrderId_idx"
pg_restore: creating INDEX "public.GoodsReceipt_reference_key"
pg_restore: creating INDEX "public.HseRecord_projectId_idx"
pg_restore: creating INDEX "public.HumanResource_projectId_idx"
pg_restore: creating INDEX "public.JournalEntry_reference_key"
pg_restore: creating INDEX "public.JournalEntry_reversalOfId_idx"
pg_restore: creating INDEX "public.JournalEntry_sourceModule_sourceId_idx"
pg_restore: creating INDEX "public.JournalEntry_status_date_idx"
pg_restore: creating INDEX "public.LeaveRequest_refId_key"
pg_restore: creating INDEX "public.LeaveType_name_key"
pg_restore: creating INDEX "public.MaterialRequest_reference_key"
pg_restore: creating INDEX "public.MaterialResource_projectId_idx"
pg_restore: creating INDEX "public.MaterialReturn_reference_key"
pg_restore: creating INDEX "public.NotificationPreference_userId_key"
pg_restore: creating INDEX "public.NumberingConfig_app_idx"
pg_restore: creating INDEX "public.NumberingConfig_module_key"
pg_restore: creating INDEX "public.OrgUnit_kind_idx"
pg_restore: creating INDEX "public.PayrollRun_code_key"
pg_restore: creating INDEX "public.Permission_name_key"
pg_restore: creating INDEX "public.ProjectDelay_projectId_idx"
pg_restore: creating INDEX "public.ProjectSetup_projectId_key"
pg_restore: creating INDEX "public.PurchaseInvoice_invoiceNo_key"
pg_restore: creating INDEX "public.PurchaseOrder_poRef_key"
pg_restore: creating INDEX "public.PurchaseRequest_prRef_key"
pg_restore: creating INDEX "public.QualityNcr_projectId_idx"
pg_restore: creating INDEX "public.ReceivedQuote_prRef_idx"
pg_restore: creating INDEX "public.SalaryBand_name_key"
pg_restore: creating INDEX "public.SentRFQ_prRef_idx"
pg_restore: creating INDEX "public.SentRFQ_rfqRef_key"
pg_restore: creating INDEX "public.Stakeholder_projectId_idx"
pg_restore: creating INDEX "public.StockTransfer_reference_key"
pg_restore: creating INDEX "public.Supplier_sabiquotProfileId_key"
pg_restore: creating INDEX "public.UserRole_userId_roleId_key"
pg_restore: creating INDEX "public.User_email_key"
pg_restore: creating INDEX "public.User_lastSeenAt_idx"
pg_restore: creating INDEX "public.User_userId_key"
pg_restore: creating INDEX "public.VisitorLog_projectId_idx"
pg_restore: creating INDEX "public._AppRoleToPermission_AB_unique"
pg_restore: creating INDEX "public._AppRoleToPermission_B_index"
pg_restore: creating INDEX "public._PermissionToUser_AB_unique"
pg_restore: creating INDEX "public._PermissionToUser_B_index"
pg_restore: creating INDEX "public.idx_user_password_history_user_id_created_at"
pg_restore: creating FK CONSTRAINT "public.AccrualLine AccrualLine_accrualId_fkey"
pg_restore: creating FK CONSTRAINT "public.ApprovalNode ApprovalNode_workflowId_fkey"
pg_restore: creating FK CONSTRAINT "public.ApprovalRequest ApprovalRequest_workflowInstanceId_fkey"
pg_restore: creating FK CONSTRAINT "public.ApprovalRule ApprovalRule_workflowId_fkey"
pg_restore: creating FK CONSTRAINT "public.AuditLog AuditLog_userId_fkey"
pg_restore: creating FK CONSTRAINT "public.Budget Budget_projectId_fkey"
pg_restore: creating FK CONSTRAINT "public.ChartAccount ChartAccount_parentId_fkey"
pg_restore: creating FK CONSTRAINT "public.Claim Claim_claimTypeId_fkey"
pg_restore: creating FK CONSTRAINT "public.Claim Claim_employeeId_fkey"
pg_restore: creating FK CONSTRAINT "public.Department Department_headId_fkey"
pg_restore: creating FK CONSTRAINT "public.Employee Employee_departmentId_fkey"
pg_restore: creating FK CONSTRAINT "public.Employee Employee_jobRoleId_fkey"
pg_restore: creating FK CONSTRAINT "public.Employee Employee_supervisorId_fkey"
pg_restore: creating FK CONSTRAINT "public.Employee Employee_userId_fkey"
pg_restore: creating FK CONSTRAINT "public.Expense Expense_projectId_fkey"
pg_restore: creating FK CONSTRAINT "public.GoodsReceiptItem GoodsReceiptItem_goodsReceiptId_fkey"
pg_restore: creating FK CONSTRAINT "public.GoodsReceipt GoodsReceipt_purchaseOrderId_fkey"
pg_restore: creating FK CONSTRAINT "public.Income Income_projectId_fkey"
pg_restore: creating FK CONSTRAINT "public.JournalEntry JournalEntry_reversalOfId_fkey"
pg_restore: creating FK CONSTRAINT "public.JournalLine JournalLine_journalId_fkey"
pg_restore: creating FK CONSTRAINT "public.LeaveRequest LeaveRequest_employeeId_fkey"
pg_restore: creating FK CONSTRAINT "public.LeaveRequest LeaveRequest_leaveTypeId_fkey"
pg_restore: creating FK CONSTRAINT "public.POItem POItem_purchaseOrderId_fkey"
pg_restore: creating FK CONSTRAINT "public.PayrollEntry PayrollEntry_runId_fkey"
pg_restore: creating FK CONSTRAINT "public.PayrollRun PayrollRun_periodId_fkey"
pg_restore: creating FK CONSTRAINT "public.PurchaseOrder PurchaseOrder_supplierId_fkey"
pg_restore: creating FK CONSTRAINT "public.ReportRun ReportRun_reportId_fkey"
pg_restore: creating FK CONSTRAINT "public.StoreItem StoreItem_storeId_fkey"
pg_restore: creating FK CONSTRAINT "public.SupplierMaterial SupplierMaterial_supplierId_fkey"
pg_restore: creating FK CONSTRAINT "public.UserRole UserRole_roleId_fkey"
pg_restore: creating FK CONSTRAINT "public.UserRole UserRole_userId_fkey"
pg_restore: creating FK CONSTRAINT "public.WebhookDelivery WebhookDelivery_webhookId_fkey"
pg_restore: creating FK CONSTRAINT "public.WorkflowInstance WorkflowInstance_workflowId_fkey"
pg_restore: creating FK CONSTRAINT "public._AppRoleToPermission _AppRoleToPermission_A_fkey"
pg_restore: creating FK CONSTRAINT "public._AppRoleToPermission _AppRoleToPermission_B_fkey"
pg_restore: creating FK CONSTRAINT "public._PermissionToUser _PermissionToUser_A_fkey"
pg_restore: creating FK CONSTRAINT "public._PermissionToUser _PermissionToUser_B_fkey"
pg_restore: creating FK CONSTRAINT "public.user_password_history user_password_history_user_id_fkey"
pg_restore: creating ACL "SCHEMA public"
pg_restore: warning: errors ignored on restore: 138
